<html>
<body>
<pre>
<h1>礦ision Build Log</h1>
<h2>Tool Versions:</h2>
IDE-Version: μVision V5.14.0.0
Copyright (C) 2015 ARM Ltd and ARM Germany GmbH. All rights reserved.
License Information: 1 1, 1, LIC=W9663-AIMHT-MRVXP-M9GLS-U8XHD-ATFKH
 
Tool Versions:
Toolchain:       MDK-ARM Professional  Version: 5.14.0.0
Toolchain Path:  D:\kell\ARM\ARMCC\Bin
C Compiler:      Armcc.exe V5.05 update 1 (build 106)
Assembler:       Armasm.exe V5.05 update 1 (build 106)
Linker/Locator:  ArmLink.exe V5.05 update 1 (build 106)
Library Manager: ArmAr.exe V5.05 update 1 (build 106)
Hex Converter:   FromElf.exe V5.05 update 1 (build 106)
CPU DLL:         SARMCM3.DLL V5.14.0.0
Dialog DLL:      DCM.DLL V1.13.1.0
Target DLL:      Segger\JL2CM3.dll V2.99.13.0
Dialog DLL:      TCM.DLL V1.14.4.0
 
<h2>Project:</h2>
J:\北醒\地下室最新\ATC_1pcs_General_TJx_5\ATC_1pcs_General_TJx_\ATC_1pcs_General_TJx_5\MDK-ARM\InclineTooling_ATC.uvprojx
Project File Date:  12/18/2018

<h2>Output:</h2>
Build target 'InclineTooling_ATC'
compiling main.c...
../Inc/usart.h(71): warning:  #1295-D: Deprecated declaration HMIsendb - give arg types
  void HMIsendb();
../Inc/usart.h(72): warning:  #1295-D: Deprecated declaration HMIbcd - give arg types
  void HMIbcd();
../Inc/usart.h(73): warning:  #1295-D: Deprecated declaration HMIstring - give arg types
  void HMIstring();
../Inc/usart.h(77): warning:  #1295-D: Deprecated declaration reset_gm8125 - give arg types
  void reset_gm8125();
../Src/main.c(160): warning:  #1295-D: Deprecated declaration readflashtest - give arg types
  void readflashtest();
../Src/main.c(161): warning:  #1295-D: Deprecated declaration writeflashtest - give arg types
  void writeflashtest();
../Src/main.c: 6 warnings, 0 errors
linking...
Program Size: Code=14496 RO-data=444 RW-data=264 ZI-data=1856  
FromELF: creating hex file...
"InclineTooling_ATC\InclineTooling_ATC.axf" - 0 Error(s), 6 Warning(s).

<h2>Software Packages used:</h2>

Package Vendor: ARM
                http://www.keil.com/pack/ARM.CMSIS.4.3.0.pack
                ARM::CMSIS:CORE:4.1.0
                CMSIS (Cortex Microcontroller Software Interface Standard)
   * Component: CORE Version: 4.1.0

<h2>Collection of Component include folders:</h2>
  J:\北醒\地下室最新\ATC_1pcs_General_TJx_5\ATC_1pcs_General_TJx_\ATC_1pcs_General_TJx_5\MDK-ARM\RTE
  D:\kell\ARM\PACK\ARM\CMSIS\4.3.0\CMSIS\Include
  D:\kell\ARM\PACK\Keil\STM32F2xx_DFP\2.9.0

<h2>Collection of Component Files used:</h2>

   * Component: ARM::CMSIS:CORE:4.1.0
</pre>
</body>
</html>
